// Jest Snapshot v1, https://goo.gl/fbAQLP

exports[`<Files /> matches snapshot 1`] = `ShallowWrapper {}`;
