// Jest Snapshot v1, https://goo.gl/fbAQLP

exports[`<Ranks /> matches snapshot 1`] = `ShallowWrapper {}`;
