// Jest Snapshot v1, https://goo.gl/fbAQLP

exports[`<PlayerColor /> matches snapshot 1`] = `ShallowWrapper {}`;
