// Jest Snapshot v1, https://goo.gl/fbAQLP

exports[`<PlayerMaterial /> matches snapshot 1`] = `ShallowWrapper {}`;
