// Jest Snapshot v1, https://goo.gl/fbAQLP

exports[`<King /> matches snapshot 1`] = `ShallowWrapper {}`;
