// Jest Snapshot v1, https://goo.gl/fbAQLP

exports[`<Pawn /> matches snapshot 1`] = `ShallowWrapper {}`;
