// Jest Snapshot v1, https://goo.gl/fbAQLP

exports[`<Queen /> matches snapshot 1`] = `ShallowWrapper {}`;
