// Jest Snapshot v1, https://goo.gl/fbAQLP

exports[`<Rook /> matches snapshot 1`] = `ShallowWrapper {}`;
