// Jest Snapshot v1, https://goo.gl/fbAQLP

exports[`<Chessboard /> matches snapshot 1`] = `ShallowWrapper {}`;
