// Jest Snapshot v1, https://goo.gl/fbAQLP

exports[`<MoveList /> matches snapshot 1`] = `ShallowWrapper {}`;
