// Jest Snapshot v1, https://goo.gl/fbAQLP

exports[`<FileNumber /> matches snapshot 1`] = `ShallowWrapper {}`;
