// Jest Snapshot v1, https://goo.gl/fbAQLP

exports[`<SaveDate /> matches snapshot 1`] = `ShallowWrapper {}`;
