// Jest Snapshot v1, https://goo.gl/fbAQLP

exports[`<MessageContent /> matches snapshot 1`] = `ShallowWrapper {}`;
